// Jest Snapshot v1, https://goo.gl/fbAQLP

exports[`ConfigProvider.Form form requiredMark set requiredMark optional 1`] = `
<form
  class="ant-form ant-form-horizontal"
>
  <div
    class="ant-row ant-form-item"
  >
    <div
      class="ant-col ant-form-item-label"
    >
      <label
        class="ant-form-item-required-mark-optional"
        for="age"
        title="年龄"
      >
        年龄
        <span
          class="ant-form-item-optional"
        >
          (optional)
        </span>
      </label>
    </div>
    <div
      class="ant-col ant-form-item-control"
    >
      <div
        class="ant-form-item-control-input"
      >
        <div
          class="ant-form-item-control-input-content"
        >
          <input
            id="age"
            value="18"
          />
        </div>
      </div>
    </div>
  </div>
</form>
`;
